---
source: cabin-css/src/registry.rs
expression: r.out
---
._fa8ecfbb {
display: block;
padding: 1rem;
}

